<html>
<body>
<pre>
<h1>µVision Build Log</h1>
<h2>Tool Versions:</h2>
IDE-Version: µVision V5.34.0.0
Copyright (C) 2021 ARM Ltd and ARM Germany GmbH. All rights reserved.
License Information: CSN CSN, INSA de Toulouse, LIC=----
 
Tool Versions:
Toolchain:       MDK-Lite  Version: 5.34.0.0
Toolchain Path:  C:\Keil_v5\ARM\ARMCC\Bin
C Compiler:      Armcc.exe V5.06 update 7 (build 960)
Assembler:       Armasm.exe V5.06 update 7 (build 960)
Linker/Locator:  ArmLink.exe V5.06 update 7 (build 960)
Library Manager: ArmAr.exe V5.06 update 7 (build 960)
Hex Converter:   FromElf.exe V5.06 update 7 (build 960)
CPU DLL:         SARMCM3.DLL V5.34.0.0
Dialog DLL:      DARMSTM.DLL V1.68.0.0
Target DLL:      STLink\ST-LINKIII-KEIL_SWO.dll V3.0.8.0
Dialog DLL:      TARMSTM.DLL V1.66.0.0
 
<h2>Project:</h2>
U:\Windows\Bureau\MicroControleurs_Project\Pjet_Voile\Pjet_Voile.uvprojx
Project File Date:  11/27/2023

<h2>Output:</h2>
*** Using Compiler 'V5.06 update 7 (build 960)', folder: 'C:\Keil_v5\ARM\ARMCC\Bin'
Rebuild target 'Reel'
assembling startup_stm32f10x_md.s...
compiling MyTimer.c...
compiling girouette.c...
compiling gestion.c...
..\Service\voile.h(6): warning:  #1295-D: Deprecated declaration Voile_Init - give arg types
  void Voile_Init();
..\Service\voile.h(9): warning:  #1-D: last line of file ends without a newline
  #endif
..\Service\girouette.h(6): warning:  #1295-D: Deprecated declaration girouette_init - give arg types
  void girouette_init();
..\Service\girouette.h(7): warning:  #1295-D: Deprecated declaration girouette_read - give arg types
  int girouette_read();
..\Service\girouette.h(8): warning:  #1295-D: Deprecated declaration girouette_zero - give arg types
  int girouette_zero();
..\Service\girouette.h(9): warning:  #1295-D: Deprecated declaration girouette_reset - give arg types
  void girouette_reset();
..\Service\girouette.h(11): warning:  #1-D: last line of file ends without a newline
  #endif
..\Service\gestion.c: 7 warnings, 0 errors
compiling Driver_GPIO.c...
compiling Principal.c...
..\Service\gestion.h(3): warning:  #1295-D: Deprecated declaration initialisation - give arg types
  void initialisation();
..\Service\gestion.h(4): warning:  #1295-D: Deprecated declaration controle_voile - give arg types
  void controle_voile();
..\Service\gestion.h(6): warning:  #1-D: last line of file ends without a newline
  #endif
Sources\Principal.c: 3 warnings, 0 errors
compiling voile.c...
..\Service\voile.h(6): warning:  #1295-D: Deprecated declaration Voile_Init - give arg types
  void Voile_Init();
..\Service\voile.h(9): warning:  #1-D: last line of file ends without a newline
  #endif
..\Service\voile.c: 2 warnings, 0 errors
compiling system_stm32f10x.c...
linking...
Program Size: Code=1656 RO-data=268 RW-data=20 ZI-data=1028  
".\Objects\Pjet_Voile.axf" - 0 Error(s), 12 Warning(s).

<h2>Software Packages used:</h2>

Package Vendor: ARM
                http://www.keil.com/pack/ARM.CMSIS.5.7.0.pack
                ARM.CMSIS.5.7.0
                CMSIS (Cortex Microcontroller Software Interface Standard)
   * Component: CORE Version: 5.4.0

Package Vendor: Keil
                http://www.keil.com/pack/Keil.STM32F1xx_DFP.2.3.0.pack
                Keil.STM32F1xx_DFP.2.3.0
                STMicroelectronics STM32F1 Series Device Support, Drivers and Examples
   * Component: Startup Version: 1.0.0

<h2>Collection of Component include folders:</h2>
  .\RTE\Device\STM32F103RB
  .\RTE\_Reel
  C:\Programdata\Keil\Arm\Packs\ARM\CMSIS\5.7.0\CMSIS\Core\Include
  C:\Programdata\Keil\Arm\Packs\Keil\STM32F1xx_DFP\2.3.0\Device\Include

<h2>Collection of Component Files used:</h2>

   * Component: ARM::CMSIS:CORE:5.4.0

   * Component: Keil::Device:Startup:1.0.0
      Source file:   Device\Source\system_stm32f10x.c
      Source file:   Device\Source\ARM\startup_stm32f10x_md.s
      Include file:  RTE_Driver\Config\RTE_Device.h
      Source file:   Device\Source\ARM\STM32F1xx_OPT.s
Build Time Elapsed:  00:00:02
</pre>
</body>
</html>
