Component: ARM Compiler 5.06 update 7 (build 960) Tool: armlink [4d3601]

==============================================================================

Section Cross References

    principal.o(i.main) refers to gestion.o(i.initialisation) for initialisation
    principal.o(i.main) refers to gestion.o(i.controle_voile) for controle_voile
    girouette.o(i.girouette_init) refers to driver_gpio.o(i.MyGPIO_Init) for MyGPIO_Init
    girouette.o(i.girouette_init) refers to mytimer.o(i.MyTimer_Base_Init) for MyTimer_Base_Init
    girouette.o(i.girouette_init) refers to mytimer.o(i.MyTimer_Encoder) for MyTimer_Encoder
    girouette.o(i.girouette_read) refers to mytimer.o(i.MyTimer_Read_CNT) for MyTimer_Read_CNT
    girouette.o(i.girouette_reset) refers to mytimer.o(i.MyTimer_Reset_CNT) for MyTimer_Reset_CNT
    girouette.o(i.girouette_zero) refers to driver_gpio.o(i.MyGPIO_Read) for MyGPIO_Read
    voile.o(i.Voile_Init) refers to mytimer.o(i.MyTimer_Base_Init) for MyTimer_Base_Init
    voile.o(i.Voile_Init) refers to mytimer.o(i.MyTimer_PWM) for MyTimer_PWM
    voile.o(i.Voile_Init) refers to mytimer.o(i.MyTimer_SetDutyCycle) for MyTimer_SetDutyCycle
    voile.o(i.Voile_Set) refers to mytimer.o(i.MyTimer_SetDutyCycle) for MyTimer_SetDutyCycle
    gestion.o(i.controle_voile) refers to girouette.o(i.girouette_read) for girouette_read
    gestion.o(i.controle_voile) refers to voile.o(i.Voile_Set) for Voile_Set
    gestion.o(i.controle_voile) refers to gestion.o(.data) for angle_girouette
    gestion.o(i.initialisation) refers to voile.o(i.Voile_Init) for Voile_Init
    gestion.o(i.initialisation) refers to girouette.o(i.girouette_init) for girouette_init
    gestion.o(i.initialisation) refers to girouette.o(i.girouette_zero) for girouette_zero
    gestion.o(i.initialisation) refers to girouette.o(i.girouette_reset) for girouette_reset
    mytimer.o(i.MyTimer_ActiveIT) refers to mytimer.o(.data) for PIT1
    mytimer.o(i.MyTimer_PWM) refers to driver_gpio.o(i.MyGPIO_Init) for MyGPIO_Init
    mytimer.o(i.TIM1_UP_IRQHandler) refers to mytimer.o(.data) for PIT1
    mytimer.o(i.TIM2_IRQHandler) refers to mytimer.o(.data) for PIT2
    mytimer.o(i.TIM3_IRQHandler) refers to mytimer.o(.data) for PIT3
    mytimer.o(i.TIM4_IRQHandler) refers to mytimer.o(.data) for PIT4
    startup_stm32f10x_md.o(RESET) refers to startup_stm32f10x_md.o(STACK) for __initial_sp
    startup_stm32f10x_md.o(RESET) refers to startup_stm32f10x_md.o(.text) for Reset_Handler
    startup_stm32f10x_md.o(RESET) refers to mytimer.o(i.TIM1_UP_IRQHandler) for TIM1_UP_IRQHandler
    startup_stm32f10x_md.o(RESET) refers to mytimer.o(i.TIM2_IRQHandler) for TIM2_IRQHandler
    startup_stm32f10x_md.o(RESET) refers to mytimer.o(i.TIM3_IRQHandler) for TIM3_IRQHandler
    startup_stm32f10x_md.o(RESET) refers to mytimer.o(i.TIM4_IRQHandler) for TIM4_IRQHandler
    startup_stm32f10x_md.o(.text) refers to system_stm32f10x.o(i.SystemInit) for SystemInit
    startup_stm32f10x_md.o(.text) refers to entry.o(.ARM.Collect$$$$00000000) for __main
    system_stm32f10x.o(i.SetSysClock) refers to system_stm32f10x.o(i.SetSysClockTo72) for SetSysClockTo72
    system_stm32f10x.o(i.SystemCoreClockUpdate) refers to system_stm32f10x.o(.data) for SystemCoreClock
    system_stm32f10x.o(i.SystemInit) refers to system_stm32f10x.o(i.SetSysClock) for SetSysClock
    entry.o(.ARM.Collect$$$$00000000) refers (Special) to entry10a.o(.ARM.Collect$$$$0000000F) for __rt_final_cpp
    entry.o(.ARM.Collect$$$$00000000) refers (Special) to entry11a.o(.ARM.Collect$$$$00000011) for __rt_final_exit
    entry.o(.ARM.Collect$$$$00000000) refers (Special) to entry12b.o(.ARM.Collect$$$$0000000E) for __rt_lib_shutdown_fini
    entry.o(.ARM.Collect$$$$00000000) refers (Special) to entry7b.o(.ARM.Collect$$$$00000008) for _main_clock
    entry.o(.ARM.Collect$$$$00000000) refers (Special) to entry8b.o(.ARM.Collect$$$$0000000A) for _main_cpp_init
    entry.o(.ARM.Collect$$$$00000000) refers (Special) to entry9a.o(.ARM.Collect$$$$0000000B) for _main_init
    entry.o(.ARM.Collect$$$$00000000) refers (Special) to entry5.o(.ARM.Collect$$$$00000004) for _main_scatterload
    entry.o(.ARM.Collect$$$$00000000) refers (Special) to entry2.o(.ARM.Collect$$$$00000001) for _main_stk
    entry2.o(.ARM.Collect$$$$00000001) refers to entry2.o(.ARM.Collect$$$$00002712) for __lit__00000000
    entry2.o(.ARM.Collect$$$$00002712) refers to startup_stm32f10x_md.o(STACK) for __initial_sp
    entry2.o(__vectab_stack_and_reset_area) refers to startup_stm32f10x_md.o(STACK) for __initial_sp
    entry2.o(__vectab_stack_and_reset_area) refers to entry.o(.ARM.Collect$$$$00000000) for __main
    entry5.o(.ARM.Collect$$$$00000004) refers to init.o(.text) for __scatterload
    entry9a.o(.ARM.Collect$$$$0000000B) refers to principal.o(i.main) for main
    entry9b.o(.ARM.Collect$$$$0000000C) refers to principal.o(i.main) for main
    init.o(.text) refers to entry5.o(.ARM.Collect$$$$00000004) for __main_after_scatterload


==============================================================================

Removing Unused input sections from the image.

    Removing principal.o(.rev16_text), (4 bytes).
    Removing principal.o(.revsh_text), (4 bytes).
    Removing principal.o(.rrx_text), (6 bytes).
    Removing girouette.o(.rev16_text), (4 bytes).
    Removing girouette.o(.revsh_text), (4 bytes).
    Removing girouette.o(.rrx_text), (6 bytes).
    Removing voile.o(.rev16_text), (4 bytes).
    Removing voile.o(.revsh_text), (4 bytes).
    Removing voile.o(.rrx_text), (6 bytes).
    Removing gestion.o(.rev16_text), (4 bytes).
    Removing gestion.o(.revsh_text), (4 bytes).
    Removing gestion.o(.rrx_text), (6 bytes).
    Removing driver_gpio.o(.rev16_text), (4 bytes).
    Removing driver_gpio.o(.revsh_text), (4 bytes).
    Removing driver_gpio.o(.rrx_text), (6 bytes).
    Removing driver_gpio.o(i.MyGPIO_Clock), (24 bytes).
    Removing driver_gpio.o(i.MyGPIO_Reset), (12 bytes).
    Removing driver_gpio.o(i.MyGPIO_Set), (12 bytes).
    Removing driver_gpio.o(i.MyGPIO_Toggle), (12 bytes).
    Removing mytimer.o(.rev16_text), (4 bytes).
    Removing mytimer.o(.revsh_text), (4 bytes).
    Removing mytimer.o(.rrx_text), (6 bytes).
    Removing mytimer.o(i.MyTimer_ActiveIT), (196 bytes).
    Removing startup_stm32f10x_md.o(HEAP), (512 bytes).
    Removing system_stm32f10x.o(.rev16_text), (4 bytes).
    Removing system_stm32f10x.o(.revsh_text), (4 bytes).
    Removing system_stm32f10x.o(.rrx_text), (6 bytes).
    Removing system_stm32f10x.o(i.SystemCoreClockUpdate), (164 bytes).
    Removing system_stm32f10x.o(.data), (20 bytes).

29 unused section(s) (total 1050 bytes) removed from the image.

==============================================================================

Image Symbol Table

    Local Symbols

    Symbol Name                              Value     Ov Type        Size  Object(Section)

    ../clib/microlib/init/entry.s            0x00000000   Number         0  entry8a.o ABSOLUTE
    ../clib/microlib/init/entry.s            0x00000000   Number         0  entry7b.o ABSOLUTE
    ../clib/microlib/init/entry.s            0x00000000   Number         0  entry7a.o ABSOLUTE
    ../clib/microlib/init/entry.s            0x00000000   Number         0  entry5.o ABSOLUTE
    ../clib/microlib/init/entry.s            0x00000000   Number         0  entry2.o ABSOLUTE
    ../clib/microlib/init/entry.s            0x00000000   Number         0  entry.o ABSOLUTE
    ../clib/microlib/init/entry.s            0x00000000   Number         0  entry12b.o ABSOLUTE
    ../clib/microlib/init/entry.s            0x00000000   Number         0  entry12a.o ABSOLUTE
    ../clib/microlib/init/entry.s            0x00000000   Number         0  entry11a.o ABSOLUTE
    ../clib/microlib/init/entry.s            0x00000000   Number         0  entry10b.o ABSOLUTE
    ../clib/microlib/init/entry.s            0x00000000   Number         0  entry10a.o ABSOLUTE
    ../clib/microlib/init/entry.s            0x00000000   Number         0  entry9b.o ABSOLUTE
    ../clib/microlib/init/entry.s            0x00000000   Number         0  entry9a.o ABSOLUTE
    ../clib/microlib/init/entry.s            0x00000000   Number         0  entry11b.o ABSOLUTE
    ../clib/microlib/init/entry.s            0x00000000   Number         0  entry8b.o ABSOLUTE
    ..\Drivers\Driver_GPIO.c                 0x00000000   Number         0  driver_gpio.o ABSOLUTE
    ..\Drivers\MyTimer.c                     0x00000000   Number         0  mytimer.o ABSOLUTE
    ..\Service\gestion.c                     0x00000000   Number         0  gestion.o ABSOLUTE
    ..\Service\girouette.c                   0x00000000   Number         0  girouette.o ABSOLUTE
    ..\Service\voile.c                       0x00000000   Number         0  voile.o ABSOLUTE
    ..\\Drivers\\Driver_GPIO.c               0x00000000   Number         0  driver_gpio.o ABSOLUTE
    ..\\Drivers\\MyTimer.c                   0x00000000   Number         0  mytimer.o ABSOLUTE
    ..\\Service\\gestion.c                   0x00000000   Number         0  gestion.o ABSOLUTE
    ..\\Service\\girouette.c                 0x00000000   Number         0  girouette.o ABSOLUTE
    ..\\Service\\voile.c                     0x00000000   Number         0  voile.o ABSOLUTE
    RTE\Device\STM32F103RB\startup_stm32f10x_md.s 0x00000000   Number         0  startup_stm32f10x_md.o ABSOLUTE
    RTE\Device\STM32F103RB\system_stm32f10x.c 0x00000000   Number         0  system_stm32f10x.o ABSOLUTE
    RTE\\Device\\STM32F103RB\\system_stm32f10x.c 0x00000000   Number         0  system_stm32f10x.o ABSOLUTE
    Sources\Principal.c                      0x00000000   Number         0  principal.o ABSOLUTE
    Sources\\Principal.c                     0x00000000   Number         0  principal.o ABSOLUTE
    dc.s                                     0x00000000   Number         0  dc.o ABSOLUTE
    handlers.s                               0x00000000   Number         0  handlers.o ABSOLUTE
    init.s                                   0x00000000   Number         0  init.o ABSOLUTE
    RESET                                    0x08000000   Section      236  startup_stm32f10x_md.o(RESET)
    .ARM.Collect$$$$00000000                 0x080000ec   Section        0  entry.o(.ARM.Collect$$$$00000000)
    .ARM.Collect$$$$00000001                 0x080000ec   Section        4  entry2.o(.ARM.Collect$$$$00000001)
    .ARM.Collect$$$$00000004                 0x080000f0   Section        4  entry5.o(.ARM.Collect$$$$00000004)
    .ARM.Collect$$$$00000008                 0x080000f4   Section        0  entry7b.o(.ARM.Collect$$$$00000008)
    .ARM.Collect$$$$0000000A                 0x080000f4   Section        0  entry8b.o(.ARM.Collect$$$$0000000A)
    .ARM.Collect$$$$0000000B                 0x080000f4   Section        8  entry9a.o(.ARM.Collect$$$$0000000B)
    .ARM.Collect$$$$0000000E                 0x080000fc   Section        4  entry12b.o(.ARM.Collect$$$$0000000E)
    .ARM.Collect$$$$0000000F                 0x08000100   Section        0  entry10a.o(.ARM.Collect$$$$0000000F)
    .ARM.Collect$$$$00000011                 0x08000100   Section        0  entry11a.o(.ARM.Collect$$$$00000011)
    .ARM.Collect$$$$00002712                 0x08000100   Section        4  entry2.o(.ARM.Collect$$$$00002712)
    __lit__00000000                          0x08000100   Data           4  entry2.o(.ARM.Collect$$$$00002712)
    .text                                    0x08000104   Section       36  startup_stm32f10x_md.o(.text)
    .text                                    0x08000128   Section       36  init.o(.text)
    i.MyGPIO_Init                            0x0800014c   Section        0  driver_gpio.o(i.MyGPIO_Init)
    i.MyGPIO_Read                            0x0800023c   Section        0  driver_gpio.o(i.MyGPIO_Read)
    i.MyTimer_Base_Init                      0x08000258   Section        0  mytimer.o(i.MyTimer_Base_Init)
    i.MyTimer_Encoder                        0x080002c0   Section        0  mytimer.o(i.MyTimer_Encoder)
    i.MyTimer_PWM                            0x0800032c   Section        0  mytimer.o(i.MyTimer_PWM)
    i.MyTimer_Read_CNT                       0x08000410   Section        0  mytimer.o(i.MyTimer_Read_CNT)
    i.MyTimer_Reset_CNT                      0x08000416   Section        0  mytimer.o(i.MyTimer_Reset_CNT)
    i.MyTimer_SetDutyCycle                   0x0800041c   Section        0  mytimer.o(i.MyTimer_SetDutyCycle)
    i.SetSysClock                            0x0800044e   Section        0  system_stm32f10x.o(i.SetSysClock)
    SetSysClock                              0x0800044f   Thumb Code     8  system_stm32f10x.o(i.SetSysClock)
    i.SetSysClockTo72                        0x08000458   Section        0  system_stm32f10x.o(i.SetSysClockTo72)
    SetSysClockTo72                          0x08000459   Thumb Code   214  system_stm32f10x.o(i.SetSysClockTo72)
    i.SystemInit                             0x08000538   Section        0  system_stm32f10x.o(i.SystemInit)
    i.TIM1_UP_IRQHandler                     0x08000598   Section        0  mytimer.o(i.TIM1_UP_IRQHandler)
    i.TIM2_IRQHandler                        0x080005b8   Section        0  mytimer.o(i.TIM2_IRQHandler)
    i.TIM3_IRQHandler                        0x080005d8   Section        0  mytimer.o(i.TIM3_IRQHandler)
    i.TIM4_IRQHandler                        0x080005f8   Section        0  mytimer.o(i.TIM4_IRQHandler)
    i.Voile_Init                             0x08000618   Section        0  voile.o(i.Voile_Init)
    i.Voile_Set                              0x0800064e   Section        0  voile.o(i.Voile_Set)
    i.__scatterload_copy                     0x08000682   Section       14  handlers.o(i.__scatterload_copy)
    i.__scatterload_null                     0x08000690   Section        2  handlers.o(i.__scatterload_null)
    i.__scatterload_zeroinit                 0x08000692   Section       14  handlers.o(i.__scatterload_zeroinit)
    i.controle_voile                         0x080006a0   Section        0  gestion.o(i.controle_voile)
    i.girouette_init                         0x080006b8   Section        0  girouette.o(i.girouette_init)
    i.girouette_read                         0x08000704   Section        0  girouette.o(i.girouette_read)
    i.girouette_reset                        0x0800071c   Section        0  girouette.o(i.girouette_reset)
    i.girouette_zero                         0x0800072c   Section        0  girouette.o(i.girouette_zero)
    i.initialisation                         0x0800073c   Section        0  gestion.o(i.initialisation)
    i.main                                   0x08000756   Section        0  principal.o(i.main)
    .data                                    0x20000000   Section        4  gestion.o(.data)
    .data                                    0x20000004   Section       16  mytimer.o(.data)
    STACK                                    0x20000018   Section     1024  startup_stm32f10x_md.o(STACK)

    Global Symbols

    Symbol Name                              Value     Ov Type        Size  Object(Section)

    BuildAttributes$$THM_ISAv4$P$D$K$B$S$PE$A:L22UL41UL21$X:L11$S22US41US21$IEEE1$IW$USESV6$~STKCKD$USESV7$~SHL$OSPACE$EBA8$MICROLIB$REQ8$PRES8$EABIv2 0x00000000   Number         0  anon$$obj.o ABSOLUTE
    __ARM_use_no_argv                        0x00000000   Number         0  principal.o ABSOLUTE
    __arm_fini_                               - Undefined Weak Reference
    __cpp_initialize__aeabi_                  - Undefined Weak Reference
    __cxa_finalize                            - Undefined Weak Reference
    __decompress                              - Undefined Weak Reference
    _clock_init                               - Undefined Weak Reference
    _microlib_exit                            - Undefined Weak Reference
    __Vectors_Size                           0x000000ec   Number         0  startup_stm32f10x_md.o ABSOLUTE
    __Vectors                                0x08000000   Data           4  startup_stm32f10x_md.o(RESET)
    __Vectors_End                            0x080000ec   Data           0  startup_stm32f10x_md.o(RESET)
    __main                                   0x080000ed   Thumb Code     0  entry.o(.ARM.Collect$$$$00000000)
    _main_stk                                0x080000ed   Thumb Code     0  entry2.o(.ARM.Collect$$$$00000001)
    _main_scatterload                        0x080000f1   Thumb Code     0  entry5.o(.ARM.Collect$$$$00000004)
    __main_after_scatterload                 0x080000f5   Thumb Code     0  entry5.o(.ARM.Collect$$$$00000004)
    _main_clock                              0x080000f5   Thumb Code     0  entry7b.o(.ARM.Collect$$$$00000008)
    _main_cpp_init                           0x080000f5   Thumb Code     0  entry8b.o(.ARM.Collect$$$$0000000A)
    _main_init                               0x080000f5   Thumb Code     0  entry9a.o(.ARM.Collect$$$$0000000B)
    __rt_lib_shutdown_fini                   0x080000fd   Thumb Code     0  entry12b.o(.ARM.Collect$$$$0000000E)
    __rt_final_cpp                           0x08000101   Thumb Code     0  entry10a.o(.ARM.Collect$$$$0000000F)
    __rt_final_exit                          0x08000101   Thumb Code     0  entry11a.o(.ARM.Collect$$$$00000011)
    Reset_Handler                            0x08000105   Thumb Code     8  startup_stm32f10x_md.o(.text)
    NMI_Handler                              0x0800010d   Thumb Code     2  startup_stm32f10x_md.o(.text)
    HardFault_Handler                        0x0800010f   Thumb Code     2  startup_stm32f10x_md.o(.text)
    MemManage_Handler                        0x08000111   Thumb Code     2  startup_stm32f10x_md.o(.text)
    BusFault_Handler                         0x08000113   Thumb Code     2  startup_stm32f10x_md.o(.text)
    UsageFault_Handler                       0x08000115   Thumb Code     2  startup_stm32f10x_md.o(.text)
    SVC_Handler                              0x08000117   Thumb Code     2  startup_stm32f10x_md.o(.text)
    DebugMon_Handler                         0x08000119   Thumb Code     2  startup_stm32f10x_md.o(.text)
    PendSV_Handler                           0x0800011b   Thumb Code     2  startup_stm32f10x_md.o(.text)
    SysTick_Handler                          0x0800011d   Thumb Code     2  startup_stm32f10x_md.o(.text)
    ADC1_2_IRQHandler                        0x0800011f   Thumb Code     0  startup_stm32f10x_md.o(.text)
    CAN1_RX1_IRQHandler                      0x0800011f   Thumb Code     0  startup_stm32f10x_md.o(.text)
    CAN1_SCE_IRQHandler                      0x0800011f   Thumb Code     0  startup_stm32f10x_md.o(.text)
    DMA1_Channel1_IRQHandler                 0x0800011f   Thumb Code     0  startup_stm32f10x_md.o(.text)
    DMA1_Channel2_IRQHandler                 0x0800011f   Thumb Code     0  startup_stm32f10x_md.o(.text)
    DMA1_Channel3_IRQHandler                 0x0800011f   Thumb Code     0  startup_stm32f10x_md.o(.text)
    DMA1_Channel4_IRQHandler                 0x0800011f   Thumb Code     0  startup_stm32f10x_md.o(.text)
    DMA1_Channel5_IRQHandler                 0x0800011f   Thumb Code     0  startup_stm32f10x_md.o(.text)
    DMA1_Channel6_IRQHandler                 0x0800011f   Thumb Code     0  startup_stm32f10x_md.o(.text)
    DMA1_Channel7_IRQHandler                 0x0800011f   Thumb Code     0  startup_stm32f10x_md.o(.text)
    EXTI0_IRQHandler                         0x0800011f   Thumb Code     0  startup_stm32f10x_md.o(.text)
    EXTI15_10_IRQHandler                     0x0800011f   Thumb Code     0  startup_stm32f10x_md.o(.text)
    EXTI1_IRQHandler                         0x0800011f   Thumb Code     0  startup_stm32f10x_md.o(.text)
    EXTI2_IRQHandler                         0x0800011f   Thumb Code     0  startup_stm32f10x_md.o(.text)
    EXTI3_IRQHandler                         0x0800011f   Thumb Code     0  startup_stm32f10x_md.o(.text)
    EXTI4_IRQHandler                         0x0800011f   Thumb Code     0  startup_stm32f10x_md.o(.text)
    EXTI9_5_IRQHandler                       0x0800011f   Thumb Code     0  startup_stm32f10x_md.o(.text)
    FLASH_IRQHandler                         0x0800011f   Thumb Code     0  startup_stm32f10x_md.o(.text)
    I2C1_ER_IRQHandler                       0x0800011f   Thumb Code     0  startup_stm32f10x_md.o(.text)
    I2C1_EV_IRQHandler                       0x0800011f   Thumb Code     0  startup_stm32f10x_md.o(.text)
    I2C2_ER_IRQHandler                       0x0800011f   Thumb Code     0  startup_stm32f10x_md.o(.text)
    I2C2_EV_IRQHandler                       0x0800011f   Thumb Code     0  startup_stm32f10x_md.o(.text)
    PVD_IRQHandler                           0x0800011f   Thumb Code     0  startup_stm32f10x_md.o(.text)
    RCC_IRQHandler                           0x0800011f   Thumb Code     0  startup_stm32f10x_md.o(.text)
    RTCAlarm_IRQHandler                      0x0800011f   Thumb Code     0  startup_stm32f10x_md.o(.text)
    RTC_IRQHandler                           0x0800011f   Thumb Code     0  startup_stm32f10x_md.o(.text)
    SPI1_IRQHandler                          0x0800011f   Thumb Code     0  startup_stm32f10x_md.o(.text)
    SPI2_IRQHandler                          0x0800011f   Thumb Code     0  startup_stm32f10x_md.o(.text)
    TAMPER_IRQHandler                        0x0800011f   Thumb Code     0  startup_stm32f10x_md.o(.text)
    TIM1_BRK_IRQHandler                      0x0800011f   Thumb Code     0  startup_stm32f10x_md.o(.text)
    TIM1_CC_IRQHandler                       0x0800011f   Thumb Code     0  startup_stm32f10x_md.o(.text)
    TIM1_TRG_COM_IRQHandler                  0x0800011f   Thumb Code     0  startup_stm32f10x_md.o(.text)
    USART1_IRQHandler                        0x0800011f   Thumb Code     0  startup_stm32f10x_md.o(.text)
    USART2_IRQHandler                        0x0800011f   Thumb Code     0  startup_stm32f10x_md.o(.text)
    USART3_IRQHandler                        0x0800011f   Thumb Code     0  startup_stm32f10x_md.o(.text)
    USBWakeUp_IRQHandler                     0x0800011f   Thumb Code     0  startup_stm32f10x_md.o(.text)
    USB_HP_CAN1_TX_IRQHandler                0x0800011f   Thumb Code     0  startup_stm32f10x_md.o(.text)
    USB_LP_CAN1_RX0_IRQHandler               0x0800011f   Thumb Code     0  startup_stm32f10x_md.o(.text)
    WWDG_IRQHandler                          0x0800011f   Thumb Code     0  startup_stm32f10x_md.o(.text)
    __scatterload                            0x08000129   Thumb Code    28  init.o(.text)
    __scatterload_rt2                        0x08000129   Thumb Code     0  init.o(.text)
    MyGPIO_Init                              0x0800014d   Thumb Code   218  driver_gpio.o(i.MyGPIO_Init)
    MyGPIO_Read                              0x0800023d   Thumb Code    26  driver_gpio.o(i.MyGPIO_Read)
    MyTimer_Base_Init                        0x08000259   Thumb Code    86  mytimer.o(i.MyTimer_Base_Init)
    MyTimer_Encoder                          0x080002c1   Thumb Code   104  mytimer.o(i.MyTimer_Encoder)
    MyTimer_PWM                              0x0800032d   Thumb Code   212  mytimer.o(i.MyTimer_PWM)
    MyTimer_Read_CNT                         0x08000411   Thumb Code     6  mytimer.o(i.MyTimer_Read_CNT)
    MyTimer_Reset_CNT                        0x08000417   Thumb Code     6  mytimer.o(i.MyTimer_Reset_CNT)
    MyTimer_SetDutyCycle                     0x0800041d   Thumb Code    50  mytimer.o(i.MyTimer_SetDutyCycle)
    SystemInit                               0x08000539   Thumb Code    78  system_stm32f10x.o(i.SystemInit)
    TIM1_UP_IRQHandler                       0x08000599   Thumb Code    22  mytimer.o(i.TIM1_UP_IRQHandler)
    TIM2_IRQHandler                          0x080005b9   Thumb Code    26  mytimer.o(i.TIM2_IRQHandler)
    TIM3_IRQHandler                          0x080005d9   Thumb Code    22  mytimer.o(i.TIM3_IRQHandler)
    TIM4_IRQHandler                          0x080005f9   Thumb Code    22  mytimer.o(i.TIM4_IRQHandler)
    Voile_Init                               0x08000619   Thumb Code    54  voile.o(i.Voile_Init)
    Voile_Set                                0x0800064f   Thumb Code    52  voile.o(i.Voile_Set)
    __scatterload_copy                       0x08000683   Thumb Code    14  handlers.o(i.__scatterload_copy)
    __scatterload_null                       0x08000691   Thumb Code     2  handlers.o(i.__scatterload_null)
    __scatterload_zeroinit                   0x08000693   Thumb Code    14  handlers.o(i.__scatterload_zeroinit)
    controle_voile                           0x080006a1   Thumb Code    20  gestion.o(i.controle_voile)
    girouette_init                           0x080006b9   Thumb Code    64  girouette.o(i.girouette_init)
    girouette_read                           0x08000705   Thumb Code    20  girouette.o(i.girouette_read)
    girouette_reset                          0x0800071d   Thumb Code    10  girouette.o(i.girouette_reset)
    girouette_zero                           0x0800072d   Thumb Code    12  girouette.o(i.girouette_zero)
    initialisation                           0x0800073d   Thumb Code    26  gestion.o(i.initialisation)
    main                                     0x08000757   Thumb Code    12  principal.o(i.main)
    Region$$Table$$Base                      0x08000764   Number         0  anon$$obj.o(Region$$Table)
    Region$$Table$$Limit                     0x08000784   Number         0  anon$$obj.o(Region$$Table)
    angle_girouette                          0x20000000   Data           4  gestion.o(.data)
    PIT1                                     0x20000004   Data           4  mytimer.o(.data)
    PIT2                                     0x20000008   Data           4  mytimer.o(.data)
    PIT3                                     0x2000000c   Data           4  mytimer.o(.data)
    PIT4                                     0x20000010   Data           4  mytimer.o(.data)
    __initial_sp                             0x20000418   Data           0  startup_stm32f10x_md.o(STACK)



==============================================================================

Memory Map of the image

  Image Entry point : 0x08000105

  Load Region LR_1 (Base: 0x08000000, Size: 0x00000798, Max: 0xffffffff, ABSOLUTE)

    Execution Region ER_RO (Exec base: 0x08000000, Load base: 0x08000000, Size: 0x00000784, Max: 0xffffffff, ABSOLUTE)

    Exec Addr    Load Addr    Size         Type   Attr      Idx    E Section Name        Object

    0x08000000   0x08000000   0x000000ec   Data   RO          320    RESET               startup_stm32f10x_md.o
    0x080000ec   0x080000ec   0x00000000   Code   RO          371  * .ARM.Collect$$$$00000000  mc_w.l(entry.o)
    0x080000ec   0x080000ec   0x00000004   Code   RO          374    .ARM.Collect$$$$00000001  mc_w.l(entry2.o)
    0x080000f0   0x080000f0   0x00000004   Code   RO          377    .ARM.Collect$$$$00000004  mc_w.l(entry5.o)
    0x080000f4   0x080000f4   0x00000000   Code   RO          379    .ARM.Collect$$$$00000008  mc_w.l(entry7b.o)
    0x080000f4   0x080000f4   0x00000000   Code   RO          381    .ARM.Collect$$$$0000000A  mc_w.l(entry8b.o)
    0x080000f4   0x080000f4   0x00000008   Code   RO          382    .ARM.Collect$$$$0000000B  mc_w.l(entry9a.o)
    0x080000fc   0x080000fc   0x00000004   Code   RO          389    .ARM.Collect$$$$0000000E  mc_w.l(entry12b.o)
    0x08000100   0x08000100   0x00000000   Code   RO          384    .ARM.Collect$$$$0000000F  mc_w.l(entry10a.o)
    0x08000100   0x08000100   0x00000000   Code   RO          386    .ARM.Collect$$$$00000011  mc_w.l(entry11a.o)
    0x08000100   0x08000100   0x00000004   Code   RO          375    .ARM.Collect$$$$00002712  mc_w.l(entry2.o)
    0x08000104   0x08000104   0x00000024   Code   RO          321  * .text               startup_stm32f10x_md.o
    0x08000128   0x08000128   0x00000024   Code   RO          390    .text               mc_w.l(init.o)
    0x0800014c   0x0800014c   0x000000f0   Code   RO          181    i.MyGPIO_Init       driver_gpio.o
    0x0800023c   0x0800023c   0x0000001a   Code   RO          182    i.MyGPIO_Read       driver_gpio.o
    0x08000256   0x08000256   0x00000002   PAD
    0x08000258   0x08000258   0x00000068   Code   RO          235    i.MyTimer_Base_Init  mytimer.o
    0x080002c0   0x080002c0   0x0000006c   Code   RO          236    i.MyTimer_Encoder   mytimer.o
    0x0800032c   0x0800032c   0x000000e4   Code   RO          237    i.MyTimer_PWM       mytimer.o
    0x08000410   0x08000410   0x00000006   Code   RO          238    i.MyTimer_Read_CNT  mytimer.o
    0x08000416   0x08000416   0x00000006   Code   RO          239    i.MyTimer_Reset_CNT  mytimer.o
    0x0800041c   0x0800041c   0x00000032   Code   RO          240    i.MyTimer_SetDutyCycle  mytimer.o
    0x0800044e   0x0800044e   0x00000008   Code   RO          328    i.SetSysClock       system_stm32f10x.o
    0x08000456   0x08000456   0x00000002   PAD
    0x08000458   0x08000458   0x000000e0   Code   RO          329    i.SetSysClockTo72   system_stm32f10x.o
    0x08000538   0x08000538   0x00000060   Code   RO          331    i.SystemInit        system_stm32f10x.o
    0x08000598   0x08000598   0x00000020   Code   RO          241    i.TIM1_UP_IRQHandler  mytimer.o
    0x080005b8   0x080005b8   0x00000020   Code   RO          242    i.TIM2_IRQHandler   mytimer.o
    0x080005d8   0x080005d8   0x00000020   Code   RO          243    i.TIM3_IRQHandler   mytimer.o
    0x080005f8   0x080005f8   0x00000020   Code   RO          244    i.TIM4_IRQHandler   mytimer.o
    0x08000618   0x08000618   0x00000036   Code   RO          111    i.Voile_Init        voile.o
    0x0800064e   0x0800064e   0x00000034   Code   RO          112    i.Voile_Set         voile.o
    0x08000682   0x08000682   0x0000000e   Code   RO          394    i.__scatterload_copy  mc_w.l(handlers.o)
    0x08000690   0x08000690   0x00000002   Code   RO          395    i.__scatterload_null  mc_w.l(handlers.o)
    0x08000692   0x08000692   0x0000000e   Code   RO          396    i.__scatterload_zeroinit  mc_w.l(handlers.o)
    0x080006a0   0x080006a0   0x00000018   Code   RO          144    i.controle_voile    gestion.o
    0x080006b8   0x080006b8   0x0000004c   Code   RO           66    i.girouette_init    girouette.o
    0x08000704   0x08000704   0x00000018   Code   RO           67    i.girouette_read    girouette.o
    0x0800071c   0x0800071c   0x00000010   Code   RO           68    i.girouette_reset   girouette.o
    0x0800072c   0x0800072c   0x00000010   Code   RO           69    i.girouette_zero    girouette.o
    0x0800073c   0x0800073c   0x0000001a   Code   RO          145    i.initialisation    gestion.o
    0x08000756   0x08000756   0x0000000c   Code   RO            4    i.main              principal.o
    0x08000762   0x08000762   0x00000002   PAD
    0x08000764   0x08000764   0x00000020   Data   RO          392    Region$$Table       anon$$obj.o


    Execution Region ER_RW (Exec base: 0x20000000, Load base: 0x08000784, Size: 0x00000014, Max: 0xffffffff, ABSOLUTE)

    Exec Addr    Load Addr    Size         Type   Attr      Idx    E Section Name        Object

    0x20000000   0x08000784   0x00000004   Data   RW          146    .data               gestion.o
    0x20000004   0x08000788   0x00000010   Data   RW          245    .data               mytimer.o


    Execution Region ER_ZI (Exec base: 0x20000014, Load base: 0x08000798, Size: 0x00000404, Max: 0xffffffff, ABSOLUTE)

    Exec Addr    Load Addr    Size         Type   Attr      Idx    E Section Name        Object

    0x20000014   0x08000798   0x00000004   PAD
    0x20000018        -       0x00000400   Zero   RW          318    STACK               startup_stm32f10x_md.o


==============================================================================

Image component sizes


      Code (inc. data)   RO Data    RW Data    ZI Data      Debug   Object Name

       266         22          0          0          0       1588   driver_gpio.o
        50          4          0          4          0       1136   gestion.o
       132         26          0          0          0       1841   girouette.o
       630         74          0         16          0       5919   mytimer.o
        12          0          0          0          0     206787   principal.o
        36          8        236          0       1024        816   startup_stm32f10x_md.o
       328         28          0          0          0       1997   system_stm32f10x.o
       106          0          0          0          0        957   voile.o

    ----------------------------------------------------------------------
      1566        162        268         20       1028     221041   Object Totals
         0          0         32          0          0          0   (incl. Generated)
         6          0          0          0          4          0   (incl. Padding)

    ----------------------------------------------------------------------

      Code (inc. data)   RO Data    RW Data    ZI Data      Debug   Library Member Name

         0          0          0          0          0          0   entry.o
         0          0          0          0          0          0   entry10a.o
         0          0          0          0          0          0   entry11a.o
         4          0          0          0          0          0   entry12b.o
         8          4          0          0          0          0   entry2.o
         4          0          0          0          0          0   entry5.o
         0          0          0          0          0          0   entry7b.o
         0          0          0          0          0          0   entry8b.o
         8          4          0          0          0          0   entry9a.o
        30          0          0          0          0          0   handlers.o
        36          8          0          0          0         68   init.o

    ----------------------------------------------------------------------
        90         16          0          0          0         68   Library Totals
         0          0          0          0          0          0   (incl. Padding)

    ----------------------------------------------------------------------

      Code (inc. data)   RO Data    RW Data    ZI Data      Debug   Library Name

        90         16          0          0          0         68   mc_w.l

    ----------------------------------------------------------------------
        90         16          0          0          0         68   Library Totals

    ----------------------------------------------------------------------

==============================================================================


      Code (inc. data)   RO Data    RW Data    ZI Data      Debug   

      1656        178        268         20       1028     220117   Grand Totals
      1656        178        268         20       1028     220117   ELF Image Totals
      1656        178        268         20          0          0   ROM Totals

==============================================================================

    Total RO  Size (Code + RO Data)                 1924 (   1.88kB)
    Total RW  Size (RW Data + ZI Data)              1048 (   1.02kB)
    Total ROM Size (Code + RO Data + RW Data)       1944 (   1.90kB)

==============================================================================

