Component: ARM Compiler 5.06 update 7 (build 960) Tool: armlink [4d3601]

==============================================================================

Section Cross References

    principal.o(i.Receive) refers to driver_uart.o(i.Uart_Get) for Uart_Get
    principal.o(i.Receive) refers to driver_uart.o(i.Send) for Send
    principal.o(i.Receive) refers to principal.o(.data) for received_data
    principal.o(i.main) refers to cap.o(i.RouteurInit) for RouteurInit
    principal.o(i.main) refers to driver_uart.o(i.Receive_Interruption) for Receive_Interruption
    principal.o(i.main) refers to cap.o(i.RouteurStart) for RouteurStart
    principal.o(i.main) refers to cap.o(i.RouteurSet) for RouteurSet
    principal.o(i.main) refers to principal.o(i.Receive) for Receive
    principal.o(i.main) refers to principal.o(.data) for received_data
    cap.o(i.RouteurInit) refers to driver_gpio.o(i.MyGPIO_Init) for MyGPIO_Init
    cap.o(i.RouteurInit) refers to mytimer.o(i.MyTimer_Base_Init) for MyTimer_Base_Init
    cap.o(i.RouteurInit) refers to mytimer.o(i.MyTimer_PWM) for MyTimer_PWM
    cap.o(i.RouteurInit) refers to driver_uart.o(i.Uart_init) for Uart_init
    cap.o(i.RouteurSet) refers to driver_gpio.o(i.MyGPIO_Set) for MyGPIO_Set
    cap.o(i.RouteurSet) refers to driver_gpio.o(i.MyGPIO_Reset) for MyGPIO_Reset
    cap.o(i.RouteurSet) refers to mytimer.o(i.MyTimer_SetDutyCycle) for MyTimer_SetDutyCycle
    driver_uart.o(i.Receive_Interruption) refers to driver_uart.o(i.__NVIC_EnableIRQ) for __NVIC_EnableIRQ
    driver_uart.o(i.Receive_Interruption) refers to driver_uart.o(i.__NVIC_SetPriority) for __NVIC_SetPriority
    driver_uart.o(i.Receive_Interruption) refers to driver_uart.o(.data) for USART1_Handler
    driver_uart.o(i.USART1_IRQHandler) refers to driver_uart.o(.data) for USART1_Handler
    driver_uart.o(i.USART2_IRQHandler) refers to driver_uart.o(.data) for USART2_Handler
    driver_uart.o(i.USART3_IRQHandler) refers to driver_uart.o(.data) for USART3_Handler
    mytimer.o(i.MyTimer_ActiveIT) refers to mytimer.o(.data) for PIT1
    mytimer.o(i.MyTimer_PWM) refers to driver_gpio.o(i.MyGPIO_Init) for MyGPIO_Init
    mytimer.o(i.TIM1_UP_IRQHandler) refers to mytimer.o(.data) for PIT1
    mytimer.o(i.TIM2_IRQHandler) refers to mytimer.o(.data) for PIT2
    mytimer.o(i.TIM3_IRQHandler) refers to mytimer.o(.data) for PIT3
    mytimer.o(i.TIM4_IRQHandler) refers to mytimer.o(.data) for PIT4
    startup_stm32f10x_md.o(RESET) refers to startup_stm32f10x_md.o(STACK) for __initial_sp
    startup_stm32f10x_md.o(RESET) refers to startup_stm32f10x_md.o(.text) for Reset_Handler
    startup_stm32f10x_md.o(RESET) refers to mytimer.o(i.TIM1_UP_IRQHandler) for TIM1_UP_IRQHandler
    startup_stm32f10x_md.o(RESET) refers to mytimer.o(i.TIM2_IRQHandler) for TIM2_IRQHandler
    startup_stm32f10x_md.o(RESET) refers to mytimer.o(i.TIM3_IRQHandler) for TIM3_IRQHandler
    startup_stm32f10x_md.o(RESET) refers to mytimer.o(i.TIM4_IRQHandler) for TIM4_IRQHandler
    startup_stm32f10x_md.o(RESET) refers to driver_uart.o(i.USART1_IRQHandler) for USART1_IRQHandler
    startup_stm32f10x_md.o(RESET) refers to driver_uart.o(i.USART2_IRQHandler) for USART2_IRQHandler
    startup_stm32f10x_md.o(RESET) refers to driver_uart.o(i.USART3_IRQHandler) for USART3_IRQHandler
    startup_stm32f10x_md.o(.text) refers to system_stm32f10x.o(i.SystemInit) for SystemInit
    startup_stm32f10x_md.o(.text) refers to entry.o(.ARM.Collect$$$$00000000) for __main
    system_stm32f10x.o(i.SetSysClock) refers to system_stm32f10x.o(i.SetSysClockTo72) for SetSysClockTo72
    system_stm32f10x.o(i.SystemCoreClockUpdate) refers to system_stm32f10x.o(.data) for SystemCoreClock
    system_stm32f10x.o(i.SystemInit) refers to system_stm32f10x.o(i.SetSysClock) for SetSysClock
    entry.o(.ARM.Collect$$$$00000000) refers (Special) to entry10a.o(.ARM.Collect$$$$0000000F) for __rt_final_cpp
    entry.o(.ARM.Collect$$$$00000000) refers (Special) to entry11a.o(.ARM.Collect$$$$00000011) for __rt_final_exit
    entry.o(.ARM.Collect$$$$00000000) refers (Special) to entry12b.o(.ARM.Collect$$$$0000000E) for __rt_lib_shutdown_fini
    entry.o(.ARM.Collect$$$$00000000) refers (Special) to entry7b.o(.ARM.Collect$$$$00000008) for _main_clock
    entry.o(.ARM.Collect$$$$00000000) refers (Special) to entry8b.o(.ARM.Collect$$$$0000000A) for _main_cpp_init
    entry.o(.ARM.Collect$$$$00000000) refers (Special) to entry9a.o(.ARM.Collect$$$$0000000B) for _main_init
    entry.o(.ARM.Collect$$$$00000000) refers (Special) to entry5.o(.ARM.Collect$$$$00000004) for _main_scatterload
    entry.o(.ARM.Collect$$$$00000000) refers (Special) to entry2.o(.ARM.Collect$$$$00000001) for _main_stk
    entry2.o(.ARM.Collect$$$$00000001) refers to entry2.o(.ARM.Collect$$$$00002712) for __lit__00000000
    entry2.o(.ARM.Collect$$$$00002712) refers to startup_stm32f10x_md.o(STACK) for __initial_sp
    entry2.o(__vectab_stack_and_reset_area) refers to startup_stm32f10x_md.o(STACK) for __initial_sp
    entry2.o(__vectab_stack_and_reset_area) refers to entry.o(.ARM.Collect$$$$00000000) for __main
    entry5.o(.ARM.Collect$$$$00000004) refers to init.o(.text) for __scatterload
    entry9a.o(.ARM.Collect$$$$0000000B) refers to principal.o(i.main) for main
    entry9b.o(.ARM.Collect$$$$0000000C) refers to principal.o(i.main) for main
    init.o(.text) refers to entry5.o(.ARM.Collect$$$$00000004) for __main_after_scatterload


==============================================================================

Removing Unused input sections from the image.

    Removing principal.o(.rev16_text), (4 bytes).
    Removing principal.o(.revsh_text), (4 bytes).
    Removing principal.o(.rrx_text), (6 bytes).
    Removing cap.o(.rev16_text), (4 bytes).
    Removing cap.o(.revsh_text), (4 bytes).
    Removing cap.o(.rrx_text), (6 bytes).
    Removing driver_gpio.o(.rev16_text), (4 bytes).
    Removing driver_gpio.o(.revsh_text), (4 bytes).
    Removing driver_gpio.o(.rrx_text), (6 bytes).
    Removing driver_gpio.o(i.MyGPIO_Clock), (24 bytes).
    Removing driver_gpio.o(i.MyGPIO_Read), (26 bytes).
    Removing driver_gpio.o(i.MyGPIO_Toggle), (12 bytes).
    Removing driver_uart.o(.rev16_text), (4 bytes).
    Removing driver_uart.o(.revsh_text), (4 bytes).
    Removing driver_uart.o(.rrx_text), (6 bytes).
    Removing mytimer.o(.rev16_text), (4 bytes).
    Removing mytimer.o(.revsh_text), (4 bytes).
    Removing mytimer.o(.rrx_text), (6 bytes).
    Removing mytimer.o(i.MyTimer_ActiveIT), (196 bytes).
    Removing mytimer.o(i.MyTimer_Encoder), (108 bytes).
    Removing mytimer.o(i.MyTimer_Read_CNT), (6 bytes).
    Removing mytimer.o(i.MyTimer_Reset_CNT), (6 bytes).
    Removing startup_stm32f10x_md.o(HEAP), (512 bytes).
    Removing system_stm32f10x.o(.rev16_text), (4 bytes).
    Removing system_stm32f10x.o(.revsh_text), (4 bytes).
    Removing system_stm32f10x.o(.rrx_text), (6 bytes).
    Removing system_stm32f10x.o(i.SystemCoreClockUpdate), (164 bytes).
    Removing system_stm32f10x.o(.data), (20 bytes).

28 unused section(s) (total 1158 bytes) removed from the image.

==============================================================================

Image Symbol Table

    Local Symbols

    Symbol Name                              Value     Ov Type        Size  Object(Section)

    ../clib/microlib/init/entry.s            0x00000000   Number         0  entry7b.o ABSOLUTE
    ../clib/microlib/init/entry.s            0x00000000   Number         0  entry7a.o ABSOLUTE
    ../clib/microlib/init/entry.s            0x00000000   Number         0  entry5.o ABSOLUTE
    ../clib/microlib/init/entry.s            0x00000000   Number         0  entry2.o ABSOLUTE
    ../clib/microlib/init/entry.s            0x00000000   Number         0  entry.o ABSOLUTE
    ../clib/microlib/init/entry.s            0x00000000   Number         0  entry12b.o ABSOLUTE
    ../clib/microlib/init/entry.s            0x00000000   Number         0  entry12a.o ABSOLUTE
    ../clib/microlib/init/entry.s            0x00000000   Number         0  entry11b.o ABSOLUTE
    ../clib/microlib/init/entry.s            0x00000000   Number         0  entry11a.o ABSOLUTE
    ../clib/microlib/init/entry.s            0x00000000   Number         0  entry10b.o ABSOLUTE
    ../clib/microlib/init/entry.s            0x00000000   Number         0  entry10a.o ABSOLUTE
    ../clib/microlib/init/entry.s            0x00000000   Number         0  entry9b.o ABSOLUTE
    ../clib/microlib/init/entry.s            0x00000000   Number         0  entry9a.o ABSOLUTE
    ../clib/microlib/init/entry.s            0x00000000   Number         0  entry8b.o ABSOLUTE
    ../clib/microlib/init/entry.s            0x00000000   Number         0  entry8a.o ABSOLUTE
    ..\Drivers\Driver_GPIO.c                 0x00000000   Number         0  driver_gpio.o ABSOLUTE
    ..\Drivers\Driver_UART.c                 0x00000000   Number         0  driver_uart.o ABSOLUTE
    ..\Drivers\MyTimer.c                     0x00000000   Number         0  mytimer.o ABSOLUTE
    ..\Service\cap.c                         0x00000000   Number         0  cap.o ABSOLUTE
    ..\\Drivers\\Driver_GPIO.c               0x00000000   Number         0  driver_gpio.o ABSOLUTE
    ..\\Drivers\\Driver_UART.c               0x00000000   Number         0  driver_uart.o ABSOLUTE
    ..\\Drivers\\MyTimer.c                   0x00000000   Number         0  mytimer.o ABSOLUTE
    ..\\Service\\cap.c                       0x00000000   Number         0  cap.o ABSOLUTE
    RTE\Device\STM32F103RB\startup_stm32f10x_md.s 0x00000000   Number         0  startup_stm32f10x_md.o ABSOLUTE
    RTE\Device\STM32F103RB\system_stm32f10x.c 0x00000000   Number         0  system_stm32f10x.o ABSOLUTE
    RTE\\Device\\STM32F103RB\\system_stm32f10x.c 0x00000000   Number         0  system_stm32f10x.o ABSOLUTE
    Sources\Principal.c                      0x00000000   Number         0  principal.o ABSOLUTE
    Sources\\Principal.c                     0x00000000   Number         0  principal.o ABSOLUTE
    dc.s                                     0x00000000   Number         0  dc.o ABSOLUTE
    handlers.s                               0x00000000   Number         0  handlers.o ABSOLUTE
    init.s                                   0x00000000   Number         0  init.o ABSOLUTE
    RESET                                    0x08000000   Section      236  startup_stm32f10x_md.o(RESET)
    .ARM.Collect$$$$00000000                 0x080000ec   Section        0  entry.o(.ARM.Collect$$$$00000000)
    .ARM.Collect$$$$00000001                 0x080000ec   Section        4  entry2.o(.ARM.Collect$$$$00000001)
    .ARM.Collect$$$$00000004                 0x080000f0   Section        4  entry5.o(.ARM.Collect$$$$00000004)
    .ARM.Collect$$$$00000008                 0x080000f4   Section        0  entry7b.o(.ARM.Collect$$$$00000008)
    .ARM.Collect$$$$0000000A                 0x080000f4   Section        0  entry8b.o(.ARM.Collect$$$$0000000A)
    .ARM.Collect$$$$0000000B                 0x080000f4   Section        8  entry9a.o(.ARM.Collect$$$$0000000B)
    .ARM.Collect$$$$0000000E                 0x080000fc   Section        4  entry12b.o(.ARM.Collect$$$$0000000E)
    .ARM.Collect$$$$0000000F                 0x08000100   Section        0  entry10a.o(.ARM.Collect$$$$0000000F)
    .ARM.Collect$$$$00000011                 0x08000100   Section        0  entry11a.o(.ARM.Collect$$$$00000011)
    .ARM.Collect$$$$00002712                 0x08000100   Section        4  entry2.o(.ARM.Collect$$$$00002712)
    __lit__00000000                          0x08000100   Data           4  entry2.o(.ARM.Collect$$$$00002712)
    .text                                    0x08000104   Section       36  startup_stm32f10x_md.o(.text)
    .text                                    0x08000128   Section       36  init.o(.text)
    i.MyGPIO_Init                            0x0800014c   Section        0  driver_gpio.o(i.MyGPIO_Init)
    i.MyGPIO_Reset                           0x0800023c   Section        0  driver_gpio.o(i.MyGPIO_Reset)
    i.MyGPIO_Set                             0x08000248   Section        0  driver_gpio.o(i.MyGPIO_Set)
    i.MyTimer_Base_Init                      0x08000254   Section        0  mytimer.o(i.MyTimer_Base_Init)
    i.MyTimer_PWM                            0x080002bc   Section        0  mytimer.o(i.MyTimer_PWM)
    i.MyTimer_SetDutyCycle                   0x080003a0   Section        0  mytimer.o(i.MyTimer_SetDutyCycle)
    i.Receive                                0x080003d4   Section        0  principal.o(i.Receive)
    i.Receive_Interruption                   0x080003f4   Section        0  driver_uart.o(i.Receive_Interruption)
    i.RouteurInit                            0x0800046c   Section        0  cap.o(i.RouteurInit)
    i.RouteurSet                             0x080004b8   Section        0  cap.o(i.RouteurSet)
    i.RouteurStart                           0x080004e8   Section        0  cap.o(i.RouteurStart)
    i.Send                                   0x080004fc   Section        0  driver_uart.o(i.Send)
    i.SetSysClock                            0x0800050c   Section        0  system_stm32f10x.o(i.SetSysClock)
    SetSysClock                              0x0800050d   Thumb Code     8  system_stm32f10x.o(i.SetSysClock)
    i.SetSysClockTo72                        0x08000514   Section        0  system_stm32f10x.o(i.SetSysClockTo72)
    SetSysClockTo72                          0x08000515   Thumb Code   214  system_stm32f10x.o(i.SetSysClockTo72)
    i.SystemInit                             0x080005f4   Section        0  system_stm32f10x.o(i.SystemInit)
    i.TIM1_UP_IRQHandler                     0x08000654   Section        0  mytimer.o(i.TIM1_UP_IRQHandler)
    i.TIM2_IRQHandler                        0x08000674   Section        0  mytimer.o(i.TIM2_IRQHandler)
    i.TIM3_IRQHandler                        0x08000694   Section        0  mytimer.o(i.TIM3_IRQHandler)
    i.TIM4_IRQHandler                        0x080006b4   Section        0  mytimer.o(i.TIM4_IRQHandler)
    i.USART1_IRQHandler                      0x080006d4   Section        0  driver_uart.o(i.USART1_IRQHandler)
    i.USART2_IRQHandler                      0x080006f4   Section        0  driver_uart.o(i.USART2_IRQHandler)
    i.USART3_IRQHandler                      0x08000714   Section        0  driver_uart.o(i.USART3_IRQHandler)
    i.Uart_Get                               0x08000734   Section        0  driver_uart.o(i.Uart_Get)
    i.Uart_init                              0x0800073c   Section        0  driver_uart.o(i.Uart_init)
    i.__NVIC_EnableIRQ                       0x080007c8   Section        0  driver_uart.o(i.__NVIC_EnableIRQ)
    __NVIC_EnableIRQ                         0x080007c9   Thumb Code    34  driver_uart.o(i.__NVIC_EnableIRQ)
    i.__NVIC_SetPriority                     0x080007ec   Section        0  driver_uart.o(i.__NVIC_SetPriority)
    __NVIC_SetPriority                       0x080007ed   Thumb Code    32  driver_uart.o(i.__NVIC_SetPriority)
    i.__scatterload_copy                     0x08000814   Section       14  handlers.o(i.__scatterload_copy)
    i.__scatterload_null                     0x08000822   Section        2  handlers.o(i.__scatterload_null)
    i.__scatterload_zeroinit                 0x08000824   Section       14  handlers.o(i.__scatterload_zeroinit)
    i.main                                   0x08000834   Section        0  principal.o(i.main)
    .data                                    0x20000000   Section        1  principal.o(.data)
    .data                                    0x20000004   Section       12  driver_uart.o(.data)
    .data                                    0x20000010   Section       16  mytimer.o(.data)
    STACK                                    0x20000020   Section     1024  startup_stm32f10x_md.o(STACK)

    Global Symbols

    Symbol Name                              Value     Ov Type        Size  Object(Section)

    BuildAttributes$$THM_ISAv4$P$D$K$B$S$PE$A:L22UL41UL21$X:L11$S22US41US21$IEEE1$IW$USESV6$~STKCKD$USESV7$~SHL$OSPACE$EBA8$MICROLIB$REQ8$PRES8$EABIv2 0x00000000   Number         0  anon$$obj.o ABSOLUTE
    __ARM_use_no_argv                        0x00000000   Number         0  principal.o ABSOLUTE
    __arm_fini_                               - Undefined Weak Reference
    __cpp_initialize__aeabi_                  - Undefined Weak Reference
    __cxa_finalize                            - Undefined Weak Reference
    __decompress                              - Undefined Weak Reference
    _clock_init                               - Undefined Weak Reference
    _microlib_exit                            - Undefined Weak Reference
    __Vectors_Size                           0x000000ec   Number         0  startup_stm32f10x_md.o ABSOLUTE
    __Vectors                                0x08000000   Data           4  startup_stm32f10x_md.o(RESET)
    __Vectors_End                            0x080000ec   Data           0  startup_stm32f10x_md.o(RESET)
    __main                                   0x080000ed   Thumb Code     0  entry.o(.ARM.Collect$$$$00000000)
    _main_stk                                0x080000ed   Thumb Code     0  entry2.o(.ARM.Collect$$$$00000001)
    _main_scatterload                        0x080000f1   Thumb Code     0  entry5.o(.ARM.Collect$$$$00000004)
    __main_after_scatterload                 0x080000f5   Thumb Code     0  entry5.o(.ARM.Collect$$$$00000004)
    _main_clock                              0x080000f5   Thumb Code     0  entry7b.o(.ARM.Collect$$$$00000008)
    _main_cpp_init                           0x080000f5   Thumb Code     0  entry8b.o(.ARM.Collect$$$$0000000A)
    _main_init                               0x080000f5   Thumb Code     0  entry9a.o(.ARM.Collect$$$$0000000B)
    __rt_lib_shutdown_fini                   0x080000fd   Thumb Code     0  entry12b.o(.ARM.Collect$$$$0000000E)
    __rt_final_cpp                           0x08000101   Thumb Code     0  entry10a.o(.ARM.Collect$$$$0000000F)
    __rt_final_exit                          0x08000101   Thumb Code     0  entry11a.o(.ARM.Collect$$$$00000011)
    Reset_Handler                            0x08000105   Thumb Code     8  startup_stm32f10x_md.o(.text)
    NMI_Handler                              0x0800010d   Thumb Code     2  startup_stm32f10x_md.o(.text)
    HardFault_Handler                        0x0800010f   Thumb Code     2  startup_stm32f10x_md.o(.text)
    MemManage_Handler                        0x08000111   Thumb Code     2  startup_stm32f10x_md.o(.text)
    BusFault_Handler                         0x08000113   Thumb Code     2  startup_stm32f10x_md.o(.text)
    UsageFault_Handler                       0x08000115   Thumb Code     2  startup_stm32f10x_md.o(.text)
    SVC_Handler                              0x08000117   Thumb Code     2  startup_stm32f10x_md.o(.text)
    DebugMon_Handler                         0x08000119   Thumb Code     2  startup_stm32f10x_md.o(.text)
    PendSV_Handler                           0x0800011b   Thumb Code     2  startup_stm32f10x_md.o(.text)
    SysTick_Handler                          0x0800011d   Thumb Code     2  startup_stm32f10x_md.o(.text)
    ADC1_2_IRQHandler                        0x0800011f   Thumb Code     0  startup_stm32f10x_md.o(.text)
    CAN1_RX1_IRQHandler                      0x0800011f   Thumb Code     0  startup_stm32f10x_md.o(.text)
    CAN1_SCE_IRQHandler                      0x0800011f   Thumb Code     0  startup_stm32f10x_md.o(.text)
    DMA1_Channel1_IRQHandler                 0x0800011f   Thumb Code     0  startup_stm32f10x_md.o(.text)
    DMA1_Channel2_IRQHandler                 0x0800011f   Thumb Code     0  startup_stm32f10x_md.o(.text)
    DMA1_Channel3_IRQHandler                 0x0800011f   Thumb Code     0  startup_stm32f10x_md.o(.text)
    DMA1_Channel4_IRQHandler                 0x0800011f   Thumb Code     0  startup_stm32f10x_md.o(.text)
    DMA1_Channel5_IRQHandler                 0x0800011f   Thumb Code     0  startup_stm32f10x_md.o(.text)
    DMA1_Channel6_IRQHandler                 0x0800011f   Thumb Code     0  startup_stm32f10x_md.o(.text)
    DMA1_Channel7_IRQHandler                 0x0800011f   Thumb Code     0  startup_stm32f10x_md.o(.text)
    EXTI0_IRQHandler                         0x0800011f   Thumb Code     0  startup_stm32f10x_md.o(.text)
    EXTI15_10_IRQHandler                     0x0800011f   Thumb Code     0  startup_stm32f10x_md.o(.text)
    EXTI1_IRQHandler                         0x0800011f   Thumb Code     0  startup_stm32f10x_md.o(.text)
    EXTI2_IRQHandler                         0x0800011f   Thumb Code     0  startup_stm32f10x_md.o(.text)
    EXTI3_IRQHandler                         0x0800011f   Thumb Code     0  startup_stm32f10x_md.o(.text)
    EXTI4_IRQHandler                         0x0800011f   Thumb Code     0  startup_stm32f10x_md.o(.text)
    EXTI9_5_IRQHandler                       0x0800011f   Thumb Code     0  startup_stm32f10x_md.o(.text)
    FLASH_IRQHandler                         0x0800011f   Thumb Code     0  startup_stm32f10x_md.o(.text)
    I2C1_ER_IRQHandler                       0x0800011f   Thumb Code     0  startup_stm32f10x_md.o(.text)
    I2C1_EV_IRQHandler                       0x0800011f   Thumb Code     0  startup_stm32f10x_md.o(.text)
    I2C2_ER_IRQHandler                       0x0800011f   Thumb Code     0  startup_stm32f10x_md.o(.text)
    I2C2_EV_IRQHandler                       0x0800011f   Thumb Code     0  startup_stm32f10x_md.o(.text)
    PVD_IRQHandler                           0x0800011f   Thumb Code     0  startup_stm32f10x_md.o(.text)
    RCC_IRQHandler                           0x0800011f   Thumb Code     0  startup_stm32f10x_md.o(.text)
    RTCAlarm_IRQHandler                      0x0800011f   Thumb Code     0  startup_stm32f10x_md.o(.text)
    RTC_IRQHandler                           0x0800011f   Thumb Code     0  startup_stm32f10x_md.o(.text)
    SPI1_IRQHandler                          0x0800011f   Thumb Code     0  startup_stm32f10x_md.o(.text)
    SPI2_IRQHandler                          0x0800011f   Thumb Code     0  startup_stm32f10x_md.o(.text)
    TAMPER_IRQHandler                        0x0800011f   Thumb Code     0  startup_stm32f10x_md.o(.text)
    TIM1_BRK_IRQHandler                      0x0800011f   Thumb Code     0  startup_stm32f10x_md.o(.text)
    TIM1_CC_IRQHandler                       0x0800011f   Thumb Code     0  startup_stm32f10x_md.o(.text)
    TIM1_TRG_COM_IRQHandler                  0x0800011f   Thumb Code     0  startup_stm32f10x_md.o(.text)
    USBWakeUp_IRQHandler                     0x0800011f   Thumb Code     0  startup_stm32f10x_md.o(.text)
    USB_HP_CAN1_TX_IRQHandler                0x0800011f   Thumb Code     0  startup_stm32f10x_md.o(.text)
    USB_LP_CAN1_RX0_IRQHandler               0x0800011f   Thumb Code     0  startup_stm32f10x_md.o(.text)
    WWDG_IRQHandler                          0x0800011f   Thumb Code     0  startup_stm32f10x_md.o(.text)
    __scatterload                            0x08000129   Thumb Code    28  init.o(.text)
    __scatterload_rt2                        0x08000129   Thumb Code     0  init.o(.text)
    MyGPIO_Init                              0x0800014d   Thumb Code   218  driver_gpio.o(i.MyGPIO_Init)
    MyGPIO_Reset                             0x0800023d   Thumb Code    12  driver_gpio.o(i.MyGPIO_Reset)
    MyGPIO_Set                               0x08000249   Thumb Code    12  driver_gpio.o(i.MyGPIO_Set)
    MyTimer_Base_Init                        0x08000255   Thumb Code    86  mytimer.o(i.MyTimer_Base_Init)
    MyTimer_PWM                              0x080002bd   Thumb Code   212  mytimer.o(i.MyTimer_PWM)
    MyTimer_SetDutyCycle                     0x080003a1   Thumb Code    50  mytimer.o(i.MyTimer_SetDutyCycle)
    Receive                                  0x080003d5   Thumb Code    24  principal.o(i.Receive)
    Receive_Interruption                     0x080003f5   Thumb Code    94  driver_uart.o(i.Receive_Interruption)
    RouteurInit                              0x0800046d   Thumb Code    64  cap.o(i.RouteurInit)
    RouteurSet                               0x080004b9   Thumb Code    40  cap.o(i.RouteurSet)
    RouteurStart                             0x080004e9   Thumb Code    14  cap.o(i.RouteurStart)
    Send                                     0x080004fd   Thumb Code    16  driver_uart.o(i.Send)
    SystemInit                               0x080005f5   Thumb Code    78  system_stm32f10x.o(i.SystemInit)
    TIM1_UP_IRQHandler                       0x08000655   Thumb Code    22  mytimer.o(i.TIM1_UP_IRQHandler)
    TIM2_IRQHandler                          0x08000675   Thumb Code    26  mytimer.o(i.TIM2_IRQHandler)
    TIM3_IRQHandler                          0x08000695   Thumb Code    22  mytimer.o(i.TIM3_IRQHandler)
    TIM4_IRQHandler                          0x080006b5   Thumb Code    22  mytimer.o(i.TIM4_IRQHandler)
    USART1_IRQHandler                        0x080006d5   Thumb Code    22  driver_uart.o(i.USART1_IRQHandler)
    USART2_IRQHandler                        0x080006f5   Thumb Code    22  driver_uart.o(i.USART2_IRQHandler)
    USART3_IRQHandler                        0x08000715   Thumb Code    22  driver_uart.o(i.USART3_IRQHandler)
    Uart_Get                                 0x08000735   Thumb Code     8  driver_uart.o(i.Uart_Get)
    Uart_init                                0x0800073d   Thumb Code   114  driver_uart.o(i.Uart_init)
    __scatterload_copy                       0x08000815   Thumb Code    14  handlers.o(i.__scatterload_copy)
    __scatterload_null                       0x08000823   Thumb Code     2  handlers.o(i.__scatterload_null)
    __scatterload_zeroinit                   0x08000825   Thumb Code    14  handlers.o(i.__scatterload_zeroinit)
    main                                     0x08000835   Thumb Code    34  principal.o(i.main)
    Region$$Table$$Base                      0x08000864   Number         0  anon$$obj.o(Region$$Table)
    Region$$Table$$Limit                     0x08000884   Number         0  anon$$obj.o(Region$$Table)
    received_data                            0x20000000   Data           1  principal.o(.data)
    USART1_Handler                           0x20000004   Data           4  driver_uart.o(.data)
    USART2_Handler                           0x20000008   Data           4  driver_uart.o(.data)
    USART3_Handler                           0x2000000c   Data           4  driver_uart.o(.data)
    PIT1                                     0x20000010   Data           4  mytimer.o(.data)
    PIT2                                     0x20000014   Data           4  mytimer.o(.data)
    PIT3                                     0x20000018   Data           4  mytimer.o(.data)
    PIT4                                     0x2000001c   Data           4  mytimer.o(.data)
    __initial_sp                             0x20000420   Data           0  startup_stm32f10x_md.o(STACK)



==============================================================================

Memory Map of the image

  Image Entry point : 0x08000105

  Load Region LR_1 (Base: 0x08000000, Size: 0x000008a4, Max: 0xffffffff, ABSOLUTE)

    Execution Region ER_RO (Exec base: 0x08000000, Load base: 0x08000000, Size: 0x00000884, Max: 0xffffffff, ABSOLUTE)

    Exec Addr    Load Addr    Size         Type   Attr      Idx    E Section Name        Object

    0x08000000   0x08000000   0x000000ec   Data   RO          331    RESET               startup_stm32f10x_md.o
    0x080000ec   0x080000ec   0x00000000   Code   RO          382  * .ARM.Collect$$$$00000000  mc_w.l(entry.o)
    0x080000ec   0x080000ec   0x00000004   Code   RO          385    .ARM.Collect$$$$00000001  mc_w.l(entry2.o)
    0x080000f0   0x080000f0   0x00000004   Code   RO          388    .ARM.Collect$$$$00000004  mc_w.l(entry5.o)
    0x080000f4   0x080000f4   0x00000000   Code   RO          390    .ARM.Collect$$$$00000008  mc_w.l(entry7b.o)
    0x080000f4   0x080000f4   0x00000000   Code   RO          392    .ARM.Collect$$$$0000000A  mc_w.l(entry8b.o)
    0x080000f4   0x080000f4   0x00000008   Code   RO          393    .ARM.Collect$$$$0000000B  mc_w.l(entry9a.o)
    0x080000fc   0x080000fc   0x00000004   Code   RO          400    .ARM.Collect$$$$0000000E  mc_w.l(entry12b.o)
    0x08000100   0x08000100   0x00000000   Code   RO          395    .ARM.Collect$$$$0000000F  mc_w.l(entry10a.o)
    0x08000100   0x08000100   0x00000000   Code   RO          397    .ARM.Collect$$$$00000011  mc_w.l(entry11a.o)
    0x08000100   0x08000100   0x00000004   Code   RO          386    .ARM.Collect$$$$00002712  mc_w.l(entry2.o)
    0x08000104   0x08000104   0x00000024   Code   RO          332  * .text               startup_stm32f10x_md.o
    0x08000128   0x08000128   0x00000024   Code   RO          401    .text               mc_w.l(init.o)
    0x0800014c   0x0800014c   0x000000f0   Code   RO          115    i.MyGPIO_Init       driver_gpio.o
    0x0800023c   0x0800023c   0x0000000c   Code   RO          117    i.MyGPIO_Reset      driver_gpio.o
    0x08000248   0x08000248   0x0000000c   Code   RO          118    i.MyGPIO_Set        driver_gpio.o
    0x08000254   0x08000254   0x00000068   Code   RO          246    i.MyTimer_Base_Init  mytimer.o
    0x080002bc   0x080002bc   0x000000e4   Code   RO          248    i.MyTimer_PWM       mytimer.o
    0x080003a0   0x080003a0   0x00000032   Code   RO          251    i.MyTimer_SetDutyCycle  mytimer.o
    0x080003d2   0x080003d2   0x00000002   PAD
    0x080003d4   0x080003d4   0x00000020   Code   RO            4    i.Receive           principal.o
    0x080003f4   0x080003f4   0x00000078   Code   RO          168    i.Receive_Interruption  driver_uart.o
    0x0800046c   0x0800046c   0x0000004c   Code   RO           78    i.RouteurInit       cap.o
    0x080004b8   0x080004b8   0x00000030   Code   RO           79    i.RouteurSet        cap.o
    0x080004e8   0x080004e8   0x00000014   Code   RO           80    i.RouteurStart      cap.o
    0x080004fc   0x080004fc   0x00000010   Code   RO          169    i.Send              driver_uart.o
    0x0800050c   0x0800050c   0x00000008   Code   RO          339    i.SetSysClock       system_stm32f10x.o
    0x08000514   0x08000514   0x000000e0   Code   RO          340    i.SetSysClockTo72   system_stm32f10x.o
    0x080005f4   0x080005f4   0x00000060   Code   RO          342    i.SystemInit        system_stm32f10x.o
    0x08000654   0x08000654   0x00000020   Code   RO          252    i.TIM1_UP_IRQHandler  mytimer.o
    0x08000674   0x08000674   0x00000020   Code   RO          253    i.TIM2_IRQHandler   mytimer.o
    0x08000694   0x08000694   0x00000020   Code   RO          254    i.TIM3_IRQHandler   mytimer.o
    0x080006b4   0x080006b4   0x00000020   Code   RO          255    i.TIM4_IRQHandler   mytimer.o
    0x080006d4   0x080006d4   0x00000020   Code   RO          170    i.USART1_IRQHandler  driver_uart.o
    0x080006f4   0x080006f4   0x00000020   Code   RO          171    i.USART2_IRQHandler  driver_uart.o
    0x08000714   0x08000714   0x00000020   Code   RO          172    i.USART3_IRQHandler  driver_uart.o
    0x08000734   0x08000734   0x00000008   Code   RO          173    i.Uart_Get          driver_uart.o
    0x0800073c   0x0800073c   0x0000008c   Code   RO          174    i.Uart_init         driver_uart.o
    0x080007c8   0x080007c8   0x00000022   Code   RO          175    i.__NVIC_EnableIRQ  driver_uart.o
    0x080007ea   0x080007ea   0x00000002   PAD
    0x080007ec   0x080007ec   0x00000028   Code   RO          176    i.__NVIC_SetPriority  driver_uart.o
    0x08000814   0x08000814   0x0000000e   Code   RO          405    i.__scatterload_copy  mc_w.l(handlers.o)
    0x08000822   0x08000822   0x00000002   Code   RO          406    i.__scatterload_null  mc_w.l(handlers.o)
    0x08000824   0x08000824   0x0000000e   Code   RO          407    i.__scatterload_zeroinit  mc_w.l(handlers.o)
    0x08000832   0x08000832   0x00000002   PAD
    0x08000834   0x08000834   0x00000030   Code   RO            5    i.main              principal.o
    0x08000864   0x08000864   0x00000020   Data   RO          403    Region$$Table       anon$$obj.o


    Execution Region ER_RW (Exec base: 0x20000000, Load base: 0x08000884, Size: 0x00000020, Max: 0xffffffff, ABSOLUTE)

    Exec Addr    Load Addr    Size         Type   Attr      Idx    E Section Name        Object

    0x20000000   0x08000884   0x00000001   Data   RW            6    .data               principal.o
    0x20000001   0x08000885   0x00000003   PAD
    0x20000004   0x08000888   0x0000000c   Data   RW          177    .data               driver_uart.o
    0x20000010   0x08000894   0x00000010   Data   RW          256    .data               mytimer.o


    Execution Region ER_ZI (Exec base: 0x20000020, Load base: 0x080008a4, Size: 0x00000400, Max: 0xffffffff, ABSOLUTE)

    Exec Addr    Load Addr    Size         Type   Attr      Idx    E Section Name        Object

    0x20000020        -       0x00000400   Zero   RW          329    STACK               startup_stm32f10x_md.o


==============================================================================

Image component sizes


      Code (inc. data)   RO Data    RW Data    ZI Data      Debug   Object Name

       144         26          0          0          0       1346   cap.o
       264         22          0          0          0       2014   driver_gpio.o
       454         90          0         12          0       5452   driver_uart.o
       510         70          0         16          0       4426   mytimer.o
        80         22          0          1          0     207457   principal.o
        36          8        236          0       1024        812   startup_stm32f10x_md.o
       328         28          0          0          0       1997   system_stm32f10x.o

    ----------------------------------------------------------------------
      1820        266        268         32       1024     223504   Object Totals
         0          0         32          0          0          0   (incl. Generated)
         4          0          0          3          0          0   (incl. Padding)

    ----------------------------------------------------------------------

      Code (inc. data)   RO Data    RW Data    ZI Data      Debug   Library Member Name

         0          0          0          0          0          0   entry.o
         0          0          0          0          0          0   entry10a.o
         0          0          0          0          0          0   entry11a.o
         4          0          0          0          0          0   entry12b.o
         8          4          0          0          0          0   entry2.o
         4          0          0          0          0          0   entry5.o
         0          0          0          0          0          0   entry7b.o
         0          0          0          0          0          0   entry8b.o
         8          4          0          0          0          0   entry9a.o
        30          0          0          0          0          0   handlers.o
        36          8          0          0          0         68   init.o

    ----------------------------------------------------------------------
        92         16          0          0          0         68   Library Totals
         2          0          0          0          0          0   (incl. Padding)

    ----------------------------------------------------------------------

      Code (inc. data)   RO Data    RW Data    ZI Data      Debug   Library Name

        90         16          0          0          0         68   mc_w.l

    ----------------------------------------------------------------------
        92         16          0          0          0         68   Library Totals

    ----------------------------------------------------------------------

==============================================================================


      Code (inc. data)   RO Data    RW Data    ZI Data      Debug   

      1912        282        268         32       1024     222476   Grand Totals
      1912        282        268         32       1024     222476   ELF Image Totals
      1912        282        268         32          0          0   ROM Totals

==============================================================================

    Total RO  Size (Code + RO Data)                 2180 (   2.13kB)
    Total RW  Size (RW Data + ZI Data)              1056 (   1.03kB)
    Total ROM Size (Code + RO Data + RW Data)       2212 (   2.16kB)

==============================================================================

